2026-07-01 12:21:45 meadow
2026-07-01 12:22:42 harbor
2026-07-01 12:26:14 canvas
2026-07-01 12:27:14 silver
2026-07-01 12:29:16 canvas
2026-07-01 12:31:15 meadow
2026-07-01 12:33:15 anchor
2026-07-01 12:35:15 forest
2026-07-01 12:37:15 signal
2026-07-01 12:39:15 signal
2026-07-01 12:41:16 signal
2026-07-01 12:43:15 harbor
2026-07-01 12:45:15 canvas
2026-07-01 12:47:15 kernel
2026-07-01 12:49:15 meadow
2026-07-01 12:51:15 meadow
2026-07-01 12:53:15 signal
2026-07-01 12:55:15 harbor
2026-07-01 12:57:15 canvas
2026-07-01 12:59:15 kernel
2026-07-01 13:01:15 anchor
2026-07-01 13:03:15 river
2026-07-01 13:05:15 silver
2026-07-01 13:07:15 river
2026-07-01 13:09:15 silver
2026-07-01 13:11:15 forest
2026-07-01 13:13:15 signal
2026-07-01 13:15:15 silver
2026-07-01 13:17:15 anchor
2026-07-01 13:19:15 signal
2026-07-01 13:21:15 silver
2026-07-01 13:23:15 kernel
2026-07-01 13:25:15 meadow
2026-07-01 13:27:15 harbor
2026-07-01 13:29:15 signal
2026-07-01 13:31:15 meadow
2026-07-01 13:33:15 river
2026-07-01 13:35:15 kernel
2026-07-01 13:37:15 silver
2026-07-01 13:39:15 silver
2026-07-01 13:41:15 silver
2026-07-01 13:43:15 silver
2026-07-01 13:45:18 planet
2026-07-01 13:47:15 planet
2026-07-01 13:49:15 kernel
2026-07-01 13:51:15 kernel
2026-07-01 13:53:15 signal
2026-07-01 13:55:15 forest
2026-07-01 13:57:15 kernel
2026-07-01 13:59:15 silver
2026-07-01 14:01:15 planet
2026-07-01 14:03:15 kernel
2026-07-01 14:05:14 river
2026-07-01 14:07:14 silver
2026-07-01 14:09:14 meadow
2026-07-01 14:11:14 silver
2026-07-01 14:13:14 canvas
2026-07-01 14:15:15 canvas
2026-07-01 14:17:14 planet
2026-07-01 14:21:14 signal
2026-07-01 14:23:14 river
2026-07-01 14:25:15 kernel
2026-07-01 14:27:15 harbor
2026-07-01 14:29:15 anchor
2026-07-01 14:31:19 anchor
2026-07-01 14:33:14 river
2026-07-01 14:35:14 meadow
2026-07-01 14:37:14 forest
2026-07-01 14:39:14 signal
2026-07-01 14:41:14 meadow
2026-07-01 14:43:14 planet
2026-07-01 14:45:14 meadow
2026-07-01 14:47:14 anchor
2026-07-01 14:49:15 river
2026-07-01 14:51:14 signal
2026-07-01 14:53:14 forest
2026-07-01 14:55:14 harbor
2026-07-01 14:57:14 kernel
2026-07-01 14:59:15 forest
2026-07-01 15:01:19 harbor
2026-07-01 15:05:25 silver
2026-07-01 15:07:15 silver
